------------------------------------------------------------
Timing Analyzer Summary
------------------------------------------------------------

Type  : Slow 1200mV 85C Model Setup 'pulse'
Slack : -44.614
TNS   : -229.903

Type  : Slow 1200mV 85C Model Setup 'segmentdriver:segment_driver|clock_divider:uut1|count[15]'
Slack : -33.279
TNS   : -132.346

Type  : Slow 1200mV 85C Model Setup 'clk'
Slack : -7.963
TNS   : -431.350

Type  : Slow 1200mV 85C Model Hold 'clk'
Slack : 0.446
TNS   : 0.000

Type  : Slow 1200mV 85C Model Hold 'segmentdriver:segment_driver|clock_divider:uut1|count[15]'
Slack : 0.453
TNS   : 0.000

Type  : Slow 1200mV 85C Model Hold 'pulse'
Slack : 8.012
TNS   : 0.000

Type  : Slow 1200mV 85C Model Minimum Pulse Width 'clk'
Slack : -3.201
TNS   : -179.675

Type  : Slow 1200mV 85C Model Minimum Pulse Width 'pulse'
Slack : -3.000
TNS   : -13.409

Type  : Slow 1200mV 85C Model Minimum Pulse Width 'segmentdriver:segment_driver|clock_divider:uut1|count[15]'
Slack : -1.487
TNS   : -14.870

Type  : Slow 1200mV 0C Model Setup 'pulse'
Slack : -40.461
TNS   : -209.177

Type  : Slow 1200mV 0C Model Setup 'segmentdriver:segment_driver|clock_divider:uut1|count[15]'
Slack : -30.290
TNS   : -120.111

Type  : Slow 1200mV 0C Model Setup 'clk'
Slack : -7.303
TNS   : -391.545

Type  : Slow 1200mV 0C Model Hold 'clk'
Slack : 0.398
TNS   : 0.000

Type  : Slow 1200mV 0C Model Hold 'segmentdriver:segment_driver|clock_divider:uut1|count[15]'
Slack : 0.401
TNS   : 0.000

Type  : Slow 1200mV 0C Model Hold 'pulse'
Slack : 7.273
TNS   : 0.000

Type  : Slow 1200mV 0C Model Minimum Pulse Width 'clk'
Slack : -3.201
TNS   : -179.540

Type  : Slow 1200mV 0C Model Minimum Pulse Width 'pulse'
Slack : -3.000
TNS   : -13.409

Type  : Slow 1200mV 0C Model Minimum Pulse Width 'segmentdriver:segment_driver|clock_divider:uut1|count[15]'
Slack : -1.487
TNS   : -14.870

Type  : Fast 1200mV 0C Model Setup 'pulse'
Slack : -18.767
TNS   : -95.394

Type  : Fast 1200mV 0C Model Setup 'segmentdriver:segment_driver|clock_divider:uut1|count[15]'
Slack : -14.482
TNS   : -56.460

Type  : Fast 1200mV 0C Model Setup 'clk'
Slack : -2.682
TNS   : -121.605

Type  : Fast 1200mV 0C Model Hold 'clk'
Slack : 0.186
TNS   : 0.000

Type  : Fast 1200mV 0C Model Hold 'segmentdriver:segment_driver|clock_divider:uut1|count[15]'
Slack : 0.186
TNS   : 0.000

Type  : Fast 1200mV 0C Model Hold 'pulse'
Slack : 3.283
TNS   : 0.000

Type  : Fast 1200mV 0C Model Minimum Pulse Width 'clk'
Slack : -3.000
TNS   : -123.732

Type  : Fast 1200mV 0C Model Minimum Pulse Width 'pulse'
Slack : -3.000
TNS   : -11.368

Type  : Fast 1200mV 0C Model Minimum Pulse Width 'segmentdriver:segment_driver|clock_divider:uut1|count[15]'
Slack : -1.000
TNS   : -10.000

------------------------------------------------------------
